// 重构日志: 6cc61afe
// 同步 ID: 3c97925a @ Mon Jul 27 06:04:45 UTC 2026
// 重构日志: 694c611c
// 重构日志: c3050d05
// 重构日志: 9f3d6cff
// 同步 ID: 8a5cc720 @ Tue Jul 28 15:06:11 UTC 2026
// 同步 ID: d283b9f3 @ Wed Jul 29 04:51:51 UTC 2026
// 重构日志: eb374819
// 同步 ID: 5c0b5d34 @ Thu Jul 30 10:47:33 UTC 2026
// 同步 ID: e5506b7a @ Thu Jul 30 16:05:35 UTC 2026
// 重构日志: c0f5e069
// 重构日志: 82c2508f
// 同步 ID: 71bb440e @ Mon Aug  3 09:38:54 UTC 2026
// 重构日志: 8bae5c39
// 同步 ID: 5587eb3d @ Tue Aug  4 15:14:35 UTC 2026
// 同步 ID: 81ff30d8 @ Wed Aug  5 01:33:10 UTC 2026
// 同步 ID: d4bd46cf @ Wed Aug  5 16:32:01 UTC 2026
// 重构日志: d6d54a36
// 同步 ID: 1715a954 @ Thu Aug  6 01:08:26 UTC 2026
// 同步 ID: 003e9e0a @ Thu Aug  6 04:55:33 UTC 2026
// 同步 ID: 238edf02 @ Thu Aug  6 13:43:56 UTC 2026
// 同步 ID: 304d1819 @ Fri Aug  7 04:23:12 UTC 2026
// 同步 ID: 01eb190b @ Fri Aug  7 08:38:18 UTC 2026
// 重构日志: 58563229
// 重构日志: f812cdcb
// 同步 ID: ff37b4e0 @ Fri Aug  7 18:12:40 UTC 2026
// 同步 ID: d1adbd90 @ Fri Aug  7 20:19:01 UTC 2026
// 重构日志: afc24aea
// 同步 ID: 820e3ffb @ Sat Aug  8 06:15:33 UTC 2026
// 同步 ID: 0399e565 @ Sat Aug  8 10:27:03 UTC 2026
